<?xml version="1.0" encoding="UTF-8"?>
<testsuites name="jest tests" tests="7" failures="0" errors="0" time="2.586">
  <testsuite name="TriggerTagsUtils" errors="0" failures="0" skipped="0" timestamp="2025-07-16T11:32:02" time="2.319" tests="6">
    <testcase classname="TriggerTagsUtils should create tags with domain and retailer id with retailId, reason and sync type as null" name="TriggerTagsUtils should create tags with domain and retailer id with retailId, reason and sync type as null" time="0.002">
    </testcase>
    <testcase classname="TriggerTagsUtils should create tags with domain and retailer id with retailId, reason and sync type as empty string" name="TriggerTagsUtils should create tags with domain and retailer id with retailId, reason and sync type as empty string" time="0">
    </testcase>
    <testcase classname="TriggerTagsUtils should create tags with domain and retailer id with retailId as 123, reason and sync type as empty string" name="TriggerTagsUtils should create tags with domain and retailer id with retailId as 123, reason and sync type as empty string" time="0">
    </testcase>
    <testcase classname="TriggerTagsUtils should create tags with domain and retailer id and reason" name="TriggerTagsUtils should create tags with domain and retailer id and reason" time="0">
    </testcase>
    <testcase classname="TriggerTagsUtils should create tags with domain and retailer id and sync type" name="TriggerTagsUtils should create tags with domain and retailer id and sync type" time="0">
    </testcase>
    <testcase classname="TriggerTagsUtils should create tags with domain and retailer id and sync type and reason" name="TriggerTagsUtils should create tags with domain and retailer id and sync type and reason" time="0">
    </testcase>
  </testsuite>
  <testsuite name="TriggerHandlersService" errors="0" failures="0" skipped="0" timestamp="2025-07-16T11:32:02" time="2.441" tests="1">
    <testcase classname="TriggerHandlersService should cancel triggers" name="TriggerHandlersService should cancel triggers" time="0.004">
    </testcase>
  </testsuite>
</testsuites>